// Jest Snapshot v1, https://goo.gl/fbAQLP

exports[`Test <GifGridItem/> should render correctly 1`] = `
<div
  className="card animate__animated animate__fadeIn animate__delay-2s"
>
  <img
    alt="Hola test"
    src="https//:localhost.3000/algo"
  />
  <p>
    Hola test
  </p>
</div>
`;
