// Jest Snapshot v1, https://goo.gl/fbAQLP

exports[`test <GifGrid /> should render component 1`] = `
<Fragment>
  <h3>
    Goku
  </h3>
  <div
    className="card-grid"
  >
    <p>
      Cargando...
    </p>
  </div>
</Fragment>
`;
